provider=kyutai voice=unmute-prod-website_fabieng-enhanced-v2.wav
  V01 take 0: score 0.46 wer 0.0 p 0.885 f0sd 2.48 wpm 150.9 | Rabelais, Rousseau, Flaubert, Hugo
  V01 take 1: score 3.804 wer 0.25 p 0.789 f0sd 2.87 wpm 111.6 | Rousseau, Flaubert, Hugo.
  V01 take 2: score 5.876 wer 0.5 p 0.781 f0sd 2.35 wpm 135.6 | Aura Bellet, Rousseau, Flaubert, Hugo
  V01 take 3 2.53s audio in 40s
  V01 take 3: score 0.768 wer 0.0 p 0.848 f0sd 2.0 wpm 160.0 | Rabelais, Rousseau, Flaubert, Hugo.
V01 -> V01_kyutai_c7969f6382.wav (score 0.46)
  V02 take 0: score 3.985 wer 0.0 p 0.932 f0sd 6.37 wpm 326.1 | Tu te souviens de tout ?
  V02 take 1: score 0.514 wer 0.0 p 0.959 f0sd 3.44 wpm 219.0 | Tu te souviens de tout.
  V02 take 2: score 3.966 wer 0.0 p 0.844 f0sd 7.51 wpm 288.5 | Tu te souviens de tout ?
  V02 take 3 1.09s audio in 12s
  V02 take 3: score 3.093 wer 0.0 p 0.94 f0sd 3.75 wpm 319.1 | Tu te souviens de tout ?
V02 -> V02_kyutai_98b9376bef.wav (score 0.514)
  V05a take 0 1.32s audio in 11s
  V05a take 0: score 2.726 wer 0.0 p 0.936 f0sd 3.88 wpm 303.8 | Tout est quelque part.
  V05a take 1 0.95s audio in 10s
  V05a take 1: score 3.523 wer 0.0 p 0.981 f0sd 3.45 wpm 342.9 | Tout est quelque part.
  V05a take 2 1.32s audio in 11s
  V05a take 2: score 3.156 wer 0.0 p 0.759 f0sd 4.96 wpm 292.7 | Tout est quelque part.
  V05a take 3 1.04s audio in 10s
  V05a take 3: score 3.867 wer 0.0 p 0.952 f0sd 5.7 wpm 338.0 | Tout est quelque part.
V05a -> V05a_kyutai_743eb1f2b0.wav (score 2.726)
  V05b take 0 0.93s audio in 11s
  V05b take 0: score 14.869 wer 1.0 p None f0sd 1.92 wpm 230.8 | 
  V05b take 1 0.88s audio in 10s
  V05b take 1: score 2.521 wer 0.0 p 0.833 f0sd 4.19 wpm 279.1 | Mais où ?
  V05b take 2 0.48s audio in 11s
  V05b take 2: score 5.794 wer 0.0 p 0.802 f0sd 8.11 wpm 342.9 | Mais où ?
  V05b take 3 1.09s audio in 12s
  V05b take 3: score 6.504 wer 0.5 p 0.624 f0sd 3.79 wpm 139.5 | Mais ouf !
V05b -> V05b_kyutai_0872d7ff24.wav (score 2.521)
provider=kyutai voice=unmute-prod-website_fabieng-enhanced-v2.wav
  V03 take 0: score 1.205 wer 0.0 p 0.995 f0sd 5.12 wpm 250.0 | Depuis la rentrée, les textes s'accumulent.
  V03 take 1: score 0.582 wer 0.0 p 0.992 f0sd 2.64 wpm 227.0 | Depuis la rentrée, les textes s'accumulent.
  V03 take 2: score 0.044 wer 0.0 p 0.989 f0sd 3.77 wpm 153.8 | Depuis la rentrée, les textes s'accumulent.
V03 -> V03_kyutai_96d6c8f18c.wav (score 0.044)
  V04 take 0: score 0.6 wer 0.0 p 0.85 f0sd 3.59 wpm 189.5 | Les feuilles, les notes, les citations ?
  V04 take 1: score 1.112 wer 0.0 p 0.902 f0sd 3.08 wpm 233.8 | Les feuilles, les notes, les citations.
  V04 take 2: score 0.312 wer 0.0 p 0.922 f0sd 3.04 wpm 167.4 | Les feuilles, les notes, les citations.
V04 -> V04_kyutai_5836e866e3.wav (score 0.312)
  V06 take 0: score 1.273 wer 0.0 p 0.976 f0sd 4.2 wpm 252.1 | Alors, on a tout rassemblé.
  V06 take 1: score 0.112 wer 0.0 p 0.972 f0sd 3.79 wpm 181.8 | Alors, on a tout rassemblé.
  V06 take 2: score 0.987 wer 0.0 p 0.972 f0sd 2.91 wpm 240.0 | Alors, on a tout rassemblé.
V06 -> V06_kyutai_7412fd026d.wav (score 0.112)
  V07 take 0: score 2.203 wer 0.0 p 0.813 f0sd 2.21 wpm 263.2 | dans le cahier d'HLP.
  V07 take 1: score 1.495 wer 0.0 p 0.857 f0sd 2.91 wpm 241.9 | dans le cahier d'HLP.
  V07 take 2: score 1.087 wer 0.0 p 0.857 f0sd 2.86 wpm 225.6 | dans le cahier d'HLP.
V07 -> V07_kyutai_29ed6ffdb9.wav (score 1.087)
  V08 take 0: score 0.487 wer 0.0 p 0.954 f0sd 3.56 wpm 217.1 | Pour chaque texte vu en classe, une fiche claire l'auteur, l'époque, l'essentiel en cinq points, les citations à retenir.
  V08 take 1: score 0.714 wer 0.0 p 0.941 f0sd 2.67 wpm 224.1 | Pour chaque texte vu en classe, une fiche claire l'auteur, l'époque, l'essentiel en cinq points, les citations à retenir.
  V08 take 2: score 2.446 wer 0.045 p 0.953 f0sd 4.0 wpm 277.3 | Pour chaque texte vu en classe, une fiche claire l'auteur, l'époque, l'essentiel en 5 points, les citations à retenir.
V08 -> V08_kyutai_753a94af58.wav (score 0.487)
  V09 take 0: score 1.292 wer 0.0 p 0.879 f0sd 3.71 wpm 237.3 | Des flashcards qui reviennent au bon moment.
  V09 take 1: score 0.477 wer 0.0 p 0.912 f0sd 3.91 wpm 210.0 | Des flashcards qui reviennent au bon moment.
  V09 take 2: score 0.336 wer 0.0 p 0.916 f0sd 3.37 wpm 195.3 | Des flashcards qui reviennent au bon moment.
V09 -> V09_kyutai_b284b47aa0.wav (score 0.336)
  V10 take 0: score 0.868 wer 0.0 p 0.783 f0sd 3.81 wpm 136.4 | Des QCM corrigés et expliqués.
  V10 take 1: score 0.696 wer 0.0 p 0.826 f0sd 3.21 wpm 130.4 | Des QCM corrigés et expliqués.
  V10 take 2: score 0.668 wer 0.0 p 0.833 f0sd 3.37 wpm 130.4 | Des QCM corrigés et expliqués.
V10 -> V10_kyutai_d256b93dea.wav (score 0.668)
  V11 take 0: score 2.22 wer 0.182 p 0.9 f0sd 2.41 wpm 193.5 | et une frise pour relier les oeuvres de Rabelais à Arantes.
  V11 take 1: score 1.318 wer 0.091 p 0.898 f0sd 3.16 wpm 192.4 | et une frise pour relier les œuvres de Rabelais à Arantes.
  V11 take 2: score 1.33 wer 0.091 p 0.895 f0sd 3.85 wpm 191.9 | et une frise pour relier les oeuvres de Rabelais à Arendt.
V11 -> V11_kyutai_a9785bb101.wav (score 1.318)
  V12 take 0: score 0.12 wer 0.0 p 0.97 f0sd 4.84 wpm 193.0 | C'est gratuit, sans compte, ta progression reste sur ton appareil.
  V12 take 1: score 1.579 wer 0.0 p 0.967 f0sd 2.78 wpm 262.9 | C'est gratuit, sans compte. Ta progression reste sur ton appareil.
  V12 take 2: score 0.136 wer 0.0 p 0.966 f0sd 3.35 wpm 205.0 | C'est gratuit, sans compte, ta progression reste sur ton appareil.
V12 -> V12_kyutai_b8a187241f.wav (score 0.12)
  V13 take 0: score 3.04 wer 0.143 p 0.957 f0sd 2.33 wpm 262.5 | Pensez en TG1 pour toute la classe.
  V13 take 1: score 3.252 wer 0.143 p 0.957 f0sd 3.16 wpm 271.0 | Pensez en TG1 pour toute la classe.
  V13 take 2: score 3.416 wer 0.143 p 0.949 f0sd 2.95 wpm 276.3 | Pensez en TG1 pour toute la classe.
V13 -> V13_kyutai_7cbb51bb48.wav (score 3.04)
  V14 take 0: score 1.097 wer 0.0 p 0.969 f0sd 3.47 wpm 243.9 | Le cahier d'HLP, tout pour réviser au même endroit.
  V14 take 1: score 0.168 wer 0.0 p 0.958 f0sd 3.11 wpm 198.7 | Le cahier d'HLP, tout pour réviser au même endroit.
  V14 take 2: score 0.742 wer 0.0 p 0.954 f0sd 4.17 wpm 227.3 | Le cahier d'HLP, tout pour réviser au même endroit.
V14 -> V14_kyutai_de74156387.wav (score 0.168)
