provider=kyutai voice=unmute-prod-website_fabieng-enhanced-v2.wav
  V01 take 0 2.61s audio in 45s
  V01 take 0: score 6.736 wer 0.5 p 0.566 f0sd 2.48 wpm 150.9 | Aura bullée ! Rousseau ! Flaubert ! Hugo !
  V01 take 1 2.75s audio in 21s
  V01 take 1: score 3.796 wer 0.25 p 0.791 f0sd 2.87 wpm 111.6 | Rousseau, Flaubert, Hugo
  V01 take 2 2.70s audio in 22s
  V01 take 2: score 3.32 wer 0.25 p 0.795 f0sd 2.35 wpm 135.6 | Rousseau, Flaubert, Hugo
V01 -> V01_kyutai_5d5b3d73b9.wav (score 3.32)
  V02 take 0 1.17s audio in 16s
  V02 take 0: score 4.673 wer 0.0 p 0.76 f0sd 6.37 wpm 326.1 | Tu te souviens de tout ?
  V02 take 1 2.00s audio in 18s
  V02 take 1: score 1.342 wer 0.0 p 0.752 f0sd 3.44 wpm 219.0 | Tu te souviens de tout ?
  V02 take 2 1.47s audio in 14s
  V02 take 2: score 4.298 wer 0.0 p 0.761 f0sd 7.51 wpm 288.5 | Tu te souviens de tout ?
V02 -> V02_kyutai_98b9376bef.wav (score 1.342)
  V03 take 0 2.31s audio in 19s
  V03 take 0: score 1.329 wer 0.0 p 0.964 f0sd 5.12 wpm 250.0 | Depuis la rentrée, les textes s'accumulent.
  V03 take 1 2.26s audio in 19s
  V03 take 1: score 0.738 wer 0.0 p 0.953 f0sd 2.64 wpm 227.0 | Depuis la rentrée, les textes s'accumulent.
  V03 take 2 3.29s audio in 24s
  V03 take 2: score 0.256 wer 0.0 p 0.936 f0sd 3.77 wpm 153.8 | Depuis la rentrée, les textes s'accumulent.
V03 -> V03_kyutai_96d6c8f18c.wav (score 0.256)
  V04 take 0 2.36s audio in 19s
  V04 take 0: score 0.368 wer 0.0 p 0.908 f0sd 3.59 wpm 189.5 | les feuilles, les notes, les citations.
  V04 take 1 2.42s audio in 21s
  V04 take 1: score 0.976 wer 0.0 p 0.936 f0sd 3.08 wpm 233.8 | les feuilles, les notes, les citations.
  V04 take 2 2.78s audio in 21s
  V04 take 2: score 0.432 wer 0.0 p 0.892 f0sd 3.04 wpm 167.4 | les feuilles, les notes, les citations.
V04 -> V04_kyutai_cfc73679c7.wav (score 0.368)
  V05 take 0 2.11s audio in 24s
  V05 take 0: score 3.32 wer 0.0 p 0.845 f0sd 4.74 wpm 313.0 | Tout est quelque part. Mais où ?
  V05 take 1 1.68s audio in 20s
  V05 take 1: score 3.787 wer 0.0 p 0.915 f0sd 4.06 wpm 342.9 | Tout est quelque part. Mais où ?
  V05 take 2 2.83s audio in 22s
  V05 take 2: score 6.848 wer 0.5 p 0.758 f0sd 5.17 wpm 236.8 | tout et quelque part. Mais où ? Mais où ?
V05 -> V05_kyutai_1ce025819e.wav (score 3.32)
  V06 take 0 1.58s audio in 19s
  V06 take 0: score 1.338 wer 0.0 p 0.96 f0sd 4.2 wpm 252.1 | Alors, on a tout rassemblé.
  V06 take 1 1.92s audio in 18s
  V06 take 1: score 0.136 wer 0.0 p 0.966 f0sd 3.79 wpm 181.8 | Alors, on a tout rassemblé.
  V06 take 2 1.62s audio in 16s
  V06 take 2: score 1.063 wer 0.0 p 0.953 f0sd 2.91 wpm 240.0 | Alors, on a tout rassemblé.
V06 -> V06_kyutai_7412fd026d.wav (score 0.136)
  V07 take 0 1.34s audio in 17s
  V07 take 0: score 1.883 wer 0.0 p 0.893 f0sd 2.21 wpm 263.2 | dans le cahier d'HLP.
  V07 take 1 1.46s audio in 15s
  V07 take 1: score 1.234 wer 0.0 p 0.922 f0sd 2.91 wpm 241.9 | dans le cahier d'HLP.
  V07 take 2 1.48s audio in 15s
  V07 take 2: score 1.107 wer 0.0 p 0.852 f0sd 2.86 wpm 225.6 | dans le cahier d'HLP.
V07 -> V07_kyutai_29ed6ffdb9.wav (score 1.107)
  V08 take 0 8.27s audio in 61s
  V08 take 0: score 0.678 wer 0.0 p 0.906 f0sd 3.56 wpm 217.1 | Pour chaque texte vu en classe, une fiche claire l'auteur, l'époque, l'essentiel en cinq points, les citations à retenir.
  V08 take 1 7.56s audio in 54s
  V08 take 1: score 1.251 wer 0.045 p 0.919 f0sd 2.67 wpm 224.1 | Pour chaque texte vu en classe, une fiche claire l'auteur, l'époque, l'essentiel en 5 points, les citations à retenir.
  V08 take 2 6.72s audio in 50s
  V08 take 2: score 2.032 wer 0.0 p 0.944 f0sd 4.0 wpm 277.3 | Pour chaque texte vu en classe, une fiche claire l'auteur, l'époque, l'essentiel en cinq points, les citations à retenir.
V08 -> V08_kyutai_753a94af58.wav (score 0.678)
  V09 take 0 2.18s audio in 20s
  V09 take 0: score 1.104 wer 0.0 p 0.926 f0sd 3.71 wpm 237.3 | des flashcards qui reviennent au bon moment.
  V09 take 1 2.63s audio in 22s
  V09 take 1: score 0.389 wer 0.0 p 0.934 f0sd 3.91 wpm 210.0 | des flashcards qui reviennent au bon moment.
  V09 take 2 2.55s audio in 23s
  V09 take 2: score 0.224 wer 0.0 p 0.944 f0sd 3.37 wpm 195.3 | des flashcards qui reviennent au bon moment.
V09 -> V09_kyutai_b284b47aa0.wav (score 0.224)
  V10 take 0 2.99s audio in 25s
  V10 take 0: score 1.076 wer 0.0 p 0.731 f0sd 3.81 wpm 136.4 | des QCM corrigés et expliqués.
  V10 take 1 2.81s audio in 24s
  V10 take 1: score 0.776 wer 0.0 p 0.806 f0sd 3.21 wpm 130.4 | des QCM corrigés et expliqués.
  V10 take 2 3.09s audio in 34s
  V10 take 2: score 0.592 wer 0.0 p 0.852 f0sd 3.37 wpm 130.4 | des QCM corrigés et expliqués.
V10 -> V10_kyutai_d256b93dea.wav (score 0.592)
  V11 take 0 4.15s audio in 37s
  V11 take 0: score 1.478 wer 0.091 p 0.858 f0sd 2.41 wpm 193.5 | et une frise pour relier les œuvres de Rabelais à Arrante.
  V11 take 1 4.02s audio in 31s
  V11 take 1: score 1.45 wer 0.091 p 0.865 f0sd 3.16 wpm 192.4 | et une frise pour relier les œuvres de Rabelais à Arrante.
  V11 take 2 4.56s audio in 35s
  V11 take 2: score 1.418 wer 0.091 p 0.873 f0sd 3.85 wpm 191.9 | et une frise pour relier les œuvres de Rabelé à Arendt.
V11 -> V11_kyutai_c6bcfc8c25.wav (score 1.418)
  V12 take 0 4.52s audio in 33s
  V12 take 0: score 0.424 wer 0.0 p 0.894 f0sd 4.84 wpm 193.0 | c'est gratuit sans compte, ta progression reste sur ton appareil.
  V12 take 1 3.89s audio in 29s
  V12 take 1: score 1.863 wer 0.0 p 0.896 f0sd 2.78 wpm 262.9 | c'est gratuit sans compte. Ta progression reste sur ton appareil.
  V12 take 2 4.24s audio in 30s
  V12 take 2: score 0.136 wer 0.0 p 0.966 f0sd 3.35 wpm 205.0 | C'est gratuit, sans compte. Ta progression reste sur ton appareil.
V12 -> V12_kyutai_90d7dce481.wav (score 0.136)
  V13 take 0 2.35s audio in 20s
  V13 take 0: score 3.072 wer 0.143 p 0.949 f0sd 2.33 wpm 262.5 | Pensez en TG1 pour toute la classe.
  V13 take 1 2.39s audio in 20s
  V13 take 1: score 3.256 wer 0.143 p 0.956 f0sd 3.16 wpm 271.0 | Pensez en TG1 pour toute la classe.
  V13 take 2 2.31s audio in 19s
  V13 take 2: score 3.468 wer 0.143 p 0.936 f0sd 2.95 wpm 276.3 | Pensez en TG1 pour toute la classe.
V13 -> V13_kyutai_7cbb51bb48.wav (score 3.072)
  V14 take 0 3.28s audio in 27s
  V14 take 0: score 1.364 wer 0.0 p 0.902 f0sd 3.47 wpm 243.9 | le cahier d'HLP, tout pour réviser au même endroit.
  V14 take 1 3.99s audio in 30s
  V14 take 1: score 0.516 wer 0.0 p 0.871 f0sd 3.11 wpm 198.7 | le cahier d'HLP, tout pour réviser au même endroit.
  V14 take 2 3.49s audio in 27s
  V14 take 2: score 0.846 wer 0.0 p 0.928 f0sd 4.17 wpm 227.3 | le cahier d'HLP, tout pour réviser au même endroit.
V14 -> V14_kyutai_de74156387.wav (score 0.516)
